CREATE EXTENSION "pg-audit-json";
-- Remove one key
SELECT '{"a": 1, "b": 2, "c": 3}'::jsonb - '{a}'::text[];
     ?column?     
------------------
 {"b": 2, "c": 3}
(1 row)

-- Remove multiple keys
SELECT '{"a": 1, "b": 2, "c": 3}'::jsonb - '{a,c}'::text[];
 ?column? 
----------
 {"b": 2}
(1 row)

-- Test usage scenario where NEW - OLD
-- Removed c
SELECT '{"a": 1, "b": 2}'::jsonb
     - '{"a": 1, "b": 2, "c": 3}'::jsonb;
 ?column? 
----------
 {}
(1 row)

-- Changed b
SELECT '{"a": 1, "b": 99, "c": 3}'::jsonb
     - '{"a": 1, "b": 2, "c": 3}'::jsonb;
 ?column?  
-----------
 {"b": 99}
(1 row)

-- Added d
SELECT '{"a": 1, "b": 2, "c": 3, "d": 4}'::jsonb
     - '{"a": 1, "b": 2, "c": 3}'::jsonb;
 ?column? 
----------
 {"d": 4}
(1 row)

-- Recursive changed b->c
SELECT '{"a":1, "b":{"c":321, "d":"test"}}'::jsonb
     - '{"a":1, "b":{"c":123, "d":"test"}}'::jsonb;
     ?column?      
-------------------
 {"b": {"c": 321}}
(1 row)

DROP EXTENSION "pg-audit-json";
